fifo: 
selector__parameterized1: 
logic__95: 
logic__84: 
addsub__1: 
logic__105: 
logic__102: 
addsub__2: 
reg__8: 
datapath__8: 
logic__47: 
logic__138: 
logic__114: 
reg__13: 
logic__106: 
logic__23: 
case__7: 
case__13: 
case__5: 
case__20: 
logic__107: 
fork: 
logic__88: 
case__6: 
logic__135: 
reg__16: 
logic__55: 
logic__67: 
logic__15: 
case__19: 
case__21: 
case__8: 
logic__44: 
logic__5: 
switch__parameterized1: 
logic__108: 
fork__parameterized1: 
switch__parameterized0: 
reg__11: 
signinv: 
case__12: 
logic__24: 
case: 
datapath__2: 
case__4: 
logic__61: 
logic__52: 
reg__17: 
datapath__4: 
reg__4: 
logic__41: 
logic__1: 
logic__127: 
logic__97: 
reg__14: 
counter__2: 
datapath__6: 
reg__9: 
case__2: 
extram__1: 
case__23: 
logic__3: 
reg__7: 
logic__126: 
logic__99: 
datapath: 
case__16: 
logic__80: 
logic__50: 
reg__12: 
logic__28: 
logic__13: 
case__22: 
case__15: 
reg__6: 
logic__51: 
selector__parameterized0: 
case__17: 
case__1: 
logic__59: 
reg__15: 
logic__117: 
logic__37: 
logic: 
logic__58: 
logic__109: 
logic__91: 
fifo__parameterized0: 
case__11: 
logic__71: 
datapath__1: 
reg__5: 
counter__1: 
logic__32: 
logic__122: 
selector: 
genericMultistageInterconnectionNetwork: 
case__14: 
fork__parameterized0: 
reg__2: 
logic__8: 
logic__79: 
datapath__7: 
case__3: 
reg__3: 
case__25: 
extram__2: 
case__26: 
signinv__1: 
logic__70: 
logic__11: 
case__9: 
reg: 
switch: 
case__18: 
logic__131: 
logic__62: 
logic__12: 
logic__98: 
datapath__3: 
case__10: 
counter: 
logic__60: 
logic__49: 
logic__2: 
addsub: 
logic__20: 
reg__10: 
signinv__2: 
logic__14: 
logic__4: 
extram: 
fifo__parameterized1: 
case__24: 
logic__75: 
logic__118: 
reg__1: 
datapath__5: 
logic__33: 
logic__48: 
