logic__139: 
case__4: 
muxpart__2: 
logic__111: 
logic__78: 
genericMultistageInterconnectionNetwork: 
logic__22: 
logic__84: 
logic__98: 
logic__3: 
datapath__1: 
logic__80: 
case__9: 
logic__116: 
fifo__parameterized1: 
logic__15: 
logic__143: 
reg__1: 
datapath__5: 
extram__1: 
logic__31: 
logic__122: 
logic__94: 
logic__102: 
datapath__6: 
logic__5: 
datapath__2: 
logic__8: 
logic__58: 
case__11: 
logic__39: 
addsub: 
counter__1: 
logic__65: 
selector__parameterized1: 
reg__3: 
logic__66: 
logic__105: 
logic__24: 
reg__4: 
logic__11: 
muxpart__3: 
logic__148: 
reg__9: 
datapath__3: 
logic__57: 
logic__21: 
logic__132: 
logic__112: 
fifo__parameterized0: 
logic__76: 
logic__30: 
logic__119: 
datapath__8: 
logic__48: 
logic__27: 
reg__2: 
selector: 
logic__113: 
logic__134: 
logic__26: 
logic__123: 
logic__152: 
reg__14: 
signinv: 
reg__6: 
case__1: 
logic__156: 
logic__109: 
muxpart__6: 
logic__13: 
case__6: 
case__3: 
reg__17: 
logic__129: 
signinv__2: 
logic__68: 
reg: 
reg__8: 
logic__1: 
logic__14: 
logic__56: 
extram__2: 
muxpart__8: 
muxpart: 
switch: 
muxpart__10: 
logic__40: 
case: 
logic__135: 
case__8: 
case__10: 
counter: 
logic__67: 
case__7: 
datapath: 
logic__121: 
logic__159: 
fifo: 
fork: 
logic: 
logic__4: 
muxpart__4: 
reg__10: 
muxpart__1: 
logic__120: 
logic__89: 
logic__51: 
counter__2: 
reg__15: 
addsub__2: 
logic__44: 
logic__69: 
logic__2: 
selector__parameterized0: 
logic__130: 
muxpart__5: 
datapath__7: 
reg__13: 
logic__93: 
reg__11: 
logic__59: 
reg__16: 
logic__35: 
case__2: 
logic__55: 
logic__75: 
fork__parameterized0: 
logic__12: 
muxpart__7: 
datapath__4: 
reg__7: 
logic__85: 
muxpart__11: 
signinv__1: 
logic__54: 
reg__12: 
logic__62: 
logic__81: 
extram: 
case__5: 
reg__5: 
logic__138: 
fork__parameterized1: 
logic__147: 
muxpart__9: 
addsub__1: 
switch__parameterized0: 
switch__parameterized1: 
