logic__158: genericMultistageInterconnectionNetwork__GB4, genericMultistageInterconnectionNetwork__GB3, genericMultistageInterconnectionNetwork__GB2, genericMultistageInterconnectionNetwork__GB1, 
logic__102: genericMultistageInterconnectionNetwork__GB4, genericMultistageInterconnectionNetwork__GB3, genericMultistageInterconnectionNetwork__GB2, genericMultistageInterconnectionNetwork__GB1, genericMultistageInterconnectionNetwork__GB0, 
reg__29: genericMultistageInterconnectionNetwork__GB4, genericMultistageInterconnectionNetwork__GB3, genericMultistageInterconnectionNetwork__GB2, genericMultistageInterconnectionNetwork__GB1, 
datapath__11: genericMultistageInterconnectionNetwork__GB4, genericMultistageInterconnectionNetwork__GB3, genericMultistageInterconnectionNetwork__GB2, genericMultistageInterconnectionNetwork__GB1, 
logic__207: genericMultistageInterconnectionNetwork__GB4, genericMultistageInterconnectionNetwork__GB3, genericMultistageInterconnectionNetwork__GB2, genericMultistageInterconnectionNetwork__GB1, 
case__18: genericMultistageInterconnectionNetwork__GB4, genericMultistageInterconnectionNetwork__GB3, genericMultistageInterconnectionNetwork__GB2, genericMultistageInterconnectionNetwork__GB1, 
fork__parameterized0: genericMultistageInterconnectionNetwork__GB4, genericMultistageInterconnectionNetwork__GB3, genericMultistageInterconnectionNetwork__GB2, genericMultistageInterconnectionNetwork__GB1, genericMultistageInterconnectionNetwork__GB0, 
logic__23: genericMultistageInterconnectionNetwork__GB4, genericMultistageInterconnectionNetwork__GB3, genericMultistageInterconnectionNetwork__GB2, genericMultistageInterconnectionNetwork__GB0, 
logic__51: genericMultistageInterconnectionNetwork__GB4, genericMultistageInterconnectionNetwork__GB3, genericMultistageInterconnectionNetwork__GB2, genericMultistageInterconnectionNetwork__GB1, genericMultistageInterconnectionNetwork__GB0, 
logic__180: genericMultistageInterconnectionNetwork__GB4, genericMultistageInterconnectionNetwork__GB3, genericMultistageInterconnectionNetwork__GB2, genericMultistageInterconnectionNetwork__GB1, 
logic__154: genericMultistageInterconnectionNetwork__GB4, genericMultistageInterconnectionNetwork__GB3, genericMultistageInterconnectionNetwork__GB2, genericMultistageInterconnectionNetwork__GB1, 
logic__79: genericMultistageInterconnectionNetwork__GB4, genericMultistageInterconnectionNetwork__GB3, genericMultistageInterconnectionNetwork__GB2, genericMultistageInterconnectionNetwork__GB1, genericMultistageInterconnectionNetwork__GB0, 
logic__2: genericMultistageInterconnectionNetwork__GB4, genericMultistageInterconnectionNetwork__GB3, genericMultistageInterconnectionNetwork__GB2, genericMultistageInterconnectionNetwork__GB0, 
case__12: genericMultistageInterconnectionNetwork__GB4, genericMultistageInterconnectionNetwork__GB3, genericMultistageInterconnectionNetwork__GB2, genericMultistageInterconnectionNetwork__GB1, genericMultistageInterconnectionNetwork__GB0, 
reg__8: genericMultistageInterconnectionNetwork__GB4, genericMultistageInterconnectionNetwork__GB3, genericMultistageInterconnectionNetwork__GB2, genericMultistageInterconnectionNetwork__GB1, genericMultistageInterconnectionNetwork__GB0, 
case__23: genericMultistageInterconnectionNetwork__GB4, genericMultistageInterconnectionNetwork__GB3, genericMultistageInterconnectionNetwork__GB2, genericMultistageInterconnectionNetwork__GB1, 
logic__174: genericMultistageInterconnectionNetwork__GB4, genericMultistageInterconnectionNetwork__GB3, genericMultistageInterconnectionNetwork__GB2, genericMultistageInterconnectionNetwork__GB1, 
switch: genericMultistageInterconnectionNetwork__GB4, genericMultistageInterconnectionNetwork__GB3, genericMultistageInterconnectionNetwork__GB2, genericMultistageInterconnectionNetwork__GB0, 
logic__258: genericMultistageInterconnectionNetwork__GB4, genericMultistageInterconnectionNetwork__GB3, genericMultistageInterconnectionNetwork__GB2, genericMultistageInterconnectionNetwork__GB1, 
reg__20: genericMultistageInterconnectionNetwork__GB4, genericMultistageInterconnectionNetwork__GB3, genericMultistageInterconnectionNetwork__GB2, genericMultistageInterconnectionNetwork__GB1, 
fork__parameterized2: genericMultistageInterconnectionNetwork__GB4, genericMultistageInterconnectionNetwork__GB3, genericMultistageInterconnectionNetwork__GB2, genericMultistageInterconnectionNetwork__GB1, 
reg__25: genericMultistageInterconnectionNetwork__GB4, genericMultistageInterconnectionNetwork__GB3, genericMultistageInterconnectionNetwork__GB2, genericMultistageInterconnectionNetwork__GB1, 
ram__4: genericMultistageInterconnectionNetwork__GB4, genericMultistageInterconnectionNetwork__GB3, genericMultistageInterconnectionNetwork__GB2, genericMultistageInterconnectionNetwork__GB1, 
logic__71: genericMultistageInterconnectionNetwork__GB4, genericMultistageInterconnectionNetwork__GB3, genericMultistageInterconnectionNetwork__GB2, genericMultistageInterconnectionNetwork__GB1, genericMultistageInterconnectionNetwork__GB0, 
extram__1: genericMultistageInterconnectionNetwork__GB4, genericMultistageInterconnectionNetwork__GB3, genericMultistageInterconnectionNetwork__GB2, genericMultistageInterconnectionNetwork__GB1, genericMultistageInterconnectionNetwork__GB0, 
case__17: genericMultistageInterconnectionNetwork__GB4, genericMultistageInterconnectionNetwork__GB3, genericMultistageInterconnectionNetwork__GB2, genericMultistageInterconnectionNetwork__GB1, genericMultistageInterconnectionNetwork__GB0, 
reg__23: genericMultistageInterconnectionNetwork__GB4, genericMultistageInterconnectionNetwork__GB3, genericMultistageInterconnectionNetwork__GB2, genericMultistageInterconnectionNetwork__GB1, 
datapath__7: genericMultistageInterconnectionNetwork__GB4, genericMultistageInterconnectionNetwork__GB3, genericMultistageInterconnectionNetwork__GB2, genericMultistageInterconnectionNetwork__GB1, 
logic__155: genericMultistageInterconnectionNetwork__GB4, genericMultistageInterconnectionNetwork__GB3, genericMultistageInterconnectionNetwork__GB2, genericMultistageInterconnectionNetwork__GB1, 
case__8: genericMultistageInterconnectionNetwork__GB4, genericMultistageInterconnectionNetwork__GB3, genericMultistageInterconnectionNetwork__GB2, genericMultistageInterconnectionNetwork__GB1, genericMultistageInterconnectionNetwork__GB0, 
extram__5: genericMultistageInterconnectionNetwork__GB4, genericMultistageInterconnectionNetwork__GB3, genericMultistageInterconnectionNetwork__GB2, genericMultistageInterconnectionNetwork__GB1, 
logic__19: genericMultistageInterconnectionNetwork__GB4, genericMultistageInterconnectionNetwork__GB3, genericMultistageInterconnectionNetwork__GB2, genericMultistageInterconnectionNetwork__GB0, 
reg__2: genericMultistageInterconnectionNetwork__GB4, genericMultistageInterconnectionNetwork__GB3, genericMultistageInterconnectionNetwork__GB2, genericMultistageInterconnectionNetwork__GB0, 
reg: genericMultistageInterconnectionNetwork__GB4, genericMultistageInterconnectionNetwork__GB3, genericMultistageInterconnectionNetwork__GB2, genericMultistageInterconnectionNetwork__GB0, 
logic__124: genericMultistageInterconnectionNetwork__GB4, genericMultistageInterconnectionNetwork__GB3, genericMultistageInterconnectionNetwork__GB2, genericMultistageInterconnectionNetwork__GB1, genericMultistageInterconnectionNetwork__GB0, 
logic__87: genericMultistageInterconnectionNetwork__GB4, genericMultistageInterconnectionNetwork__GB3, genericMultistageInterconnectionNetwork__GB2, genericMultistageInterconnectionNetwork__GB1, genericMultistageInterconnectionNetwork__GB0, 
logic__217: genericMultistageInterconnectionNetwork__GB4, genericMultistageInterconnectionNetwork__GB3, genericMultistageInterconnectionNetwork__GB2, genericMultistageInterconnectionNetwork__GB1, 
logic__129: genericMultistageInterconnectionNetwork__GB4, genericMultistageInterconnectionNetwork__GB3, genericMultistageInterconnectionNetwork__GB2, genericMultistageInterconnectionNetwork__GB1, genericMultistageInterconnectionNetwork__GB0, 
logic__65: genericMultistageInterconnectionNetwork__GB4, genericMultistageInterconnectionNetwork__GB3, genericMultistageInterconnectionNetwork__GB2, genericMultistageInterconnectionNetwork__GB1, genericMultistageInterconnectionNetwork__GB0, 
logic__224: genericMultistageInterconnectionNetwork__GB4, genericMultistageInterconnectionNetwork__GB3, genericMultistageInterconnectionNetwork__GB2, genericMultistageInterconnectionNetwork__GB1, 
logic__41: genericMultistageInterconnectionNetwork__GB4, genericMultistageInterconnectionNetwork__GB3, genericMultistageInterconnectionNetwork__GB2, genericMultistageInterconnectionNetwork__GB0, 
logic__99: genericMultistageInterconnectionNetwork__GB4, genericMultistageInterconnectionNetwork__GB3, genericMultistageInterconnectionNetwork__GB2, genericMultistageInterconnectionNetwork__GB1, genericMultistageInterconnectionNetwork__GB0, 
reg__16: genericMultistageInterconnectionNetwork__GB4, genericMultistageInterconnectionNetwork__GB3, genericMultistageInterconnectionNetwork__GB2, genericMultistageInterconnectionNetwork__GB1, 
genericMultistageInterconnectionNetwork__GB2: genericMultistageInterconnectionNetwork__GB2, 
logic__190: genericMultistageInterconnectionNetwork__GB4, genericMultistageInterconnectionNetwork__GB3, genericMultistageInterconnectionNetwork__GB2, genericMultistageInterconnectionNetwork__GB1, 
logic__125: genericMultistageInterconnectionNetwork__GB4, genericMultistageInterconnectionNetwork__GB3, genericMultistageInterconnectionNetwork__GB2, genericMultistageInterconnectionNetwork__GB1, genericMultistageInterconnectionNetwork__GB0, 
case__28: genericMultistageInterconnectionNetwork__GB4, genericMultistageInterconnectionNetwork__GB3, genericMultistageInterconnectionNetwork__GB2, genericMultistageInterconnectionNetwork__GB1, 
logic__156: genericMultistageInterconnectionNetwork__GB4, genericMultistageInterconnectionNetwork__GB3, genericMultistageInterconnectionNetwork__GB2, genericMultistageInterconnectionNetwork__GB1, 
logic__143: genericMultistageInterconnectionNetwork__GB4, genericMultistageInterconnectionNetwork__GB3, genericMultistageInterconnectionNetwork__GB2, genericMultistageInterconnectionNetwork__GB1, genericMultistageInterconnectionNetwork__GB0, 
fifo__parameterized4: genericMultistageInterconnectionNetwork__GB4, genericMultistageInterconnectionNetwork__GB3, genericMultistageInterconnectionNetwork__GB2, genericMultistageInterconnectionNetwork__GB1, 
genericMultistageInterconnectionNetwork__GB1: genericMultistageInterconnectionNetwork__GB1, 
logic__303: genericMultistageInterconnectionNetwork__GB4, genericMultistageInterconnectionNetwork__GB3, genericMultistageInterconnectionNetwork__GB2, genericMultistageInterconnectionNetwork__GB1, 
extram__3: genericMultistageInterconnectionNetwork__GB4, genericMultistageInterconnectionNetwork__GB3, genericMultistageInterconnectionNetwork__GB2, genericMultistageInterconnectionNetwork__GB1, 
logic__279: genericMultistageInterconnectionNetwork__GB4, genericMultistageInterconnectionNetwork__GB3, genericMultistageInterconnectionNetwork__GB2, genericMultistageInterconnectionNetwork__GB1, 
logic__275: genericMultistageInterconnectionNetwork__GB4, genericMultistageInterconnectionNetwork__GB3, genericMultistageInterconnectionNetwork__GB2, genericMultistageInterconnectionNetwork__GB1, 
case: genericMultistageInterconnectionNetwork__GB4, genericMultistageInterconnectionNetwork__GB3, genericMultistageInterconnectionNetwork__GB2, genericMultistageInterconnectionNetwork__GB0, 
logic__121: genericMultistageInterconnectionNetwork__GB4, genericMultistageInterconnectionNetwork__GB3, genericMultistageInterconnectionNetwork__GB2, genericMultistageInterconnectionNetwork__GB1, genericMultistageInterconnectionNetwork__GB0, 
logic__14: genericMultistageInterconnectionNetwork__GB4, genericMultistageInterconnectionNetwork__GB3, genericMultistageInterconnectionNetwork__GB2, genericMultistageInterconnectionNetwork__GB0, 
logic__22: genericMultistageInterconnectionNetwork__GB4, genericMultistageInterconnectionNetwork__GB3, genericMultistageInterconnectionNetwork__GB2, genericMultistageInterconnectionNetwork__GB0, 
case__10: genericMultistageInterconnectionNetwork__GB4, genericMultistageInterconnectionNetwork__GB3, genericMultistageInterconnectionNetwork__GB2, genericMultistageInterconnectionNetwork__GB1, genericMultistageInterconnectionNetwork__GB0, 
logic__212: genericMultistageInterconnectionNetwork__GB4, genericMultistageInterconnectionNetwork__GB3, genericMultistageInterconnectionNetwork__GB2, genericMultistageInterconnectionNetwork__GB1, 
switch__parameterized3: genericMultistageInterconnectionNetwork__GB4, genericMultistageInterconnectionNetwork__GB3, genericMultistageInterconnectionNetwork__GB2, genericMultistageInterconnectionNetwork__GB1, 
logic__287: genericMultistageInterconnectionNetwork__GB4, genericMultistageInterconnectionNetwork__GB3, genericMultistageInterconnectionNetwork__GB2, genericMultistageInterconnectionNetwork__GB1, 
logic__122: genericMultistageInterconnectionNetwork__GB4, genericMultistageInterconnectionNetwork__GB3, genericMultistageInterconnectionNetwork__GB2, genericMultistageInterconnectionNetwork__GB1, genericMultistageInterconnectionNetwork__GB0, 
logic__300: genericMultistageInterconnectionNetwork__GB4, genericMultistageInterconnectionNetwork__GB3, genericMultistageInterconnectionNetwork__GB2, genericMultistageInterconnectionNetwork__GB1, 
selector__parameterized1: genericMultistageInterconnectionNetwork__GB4, genericMultistageInterconnectionNetwork__GB3, genericMultistageInterconnectionNetwork__GB2, genericMultistageInterconnectionNetwork__GB1, genericMultistageInterconnectionNetwork__GB0, 
case__13: genericMultistageInterconnectionNetwork__GB4, genericMultistageInterconnectionNetwork__GB3, genericMultistageInterconnectionNetwork__GB2, genericMultistageInterconnectionNetwork__GB1, genericMultistageInterconnectionNetwork__GB0, 
switch__parameterized1: genericMultistageInterconnectionNetwork__GB4, genericMultistageInterconnectionNetwork__GB3, genericMultistageInterconnectionNetwork__GB2, genericMultistageInterconnectionNetwork__GB1, genericMultistageInterconnectionNetwork__GB0, 
logic__107: genericMultistageInterconnectionNetwork__GB4, genericMultistageInterconnectionNetwork__GB3, genericMultistageInterconnectionNetwork__GB2, genericMultistageInterconnectionNetwork__GB1, genericMultistageInterconnectionNetwork__GB0, 
case__14: genericMultistageInterconnectionNetwork__GB4, genericMultistageInterconnectionNetwork__GB3, genericMultistageInterconnectionNetwork__GB2, genericMultistageInterconnectionNetwork__GB1, genericMultistageInterconnectionNetwork__GB0, 
reg__11: genericMultistageInterconnectionNetwork__GB4, genericMultistageInterconnectionNetwork__GB3, genericMultistageInterconnectionNetwork__GB2, genericMultistageInterconnectionNetwork__GB1, genericMultistageInterconnectionNetwork__GB0, 
reg__12: genericMultistageInterconnectionNetwork__GB4, genericMultistageInterconnectionNetwork__GB3, genericMultistageInterconnectionNetwork__GB2, genericMultistageInterconnectionNetwork__GB1, genericMultistageInterconnectionNetwork__GB0, 
logic__223: genericMultistageInterconnectionNetwork__GB4, genericMultistageInterconnectionNetwork__GB3, genericMultistageInterconnectionNetwork__GB2, genericMultistageInterconnectionNetwork__GB1, 
logic__52: genericMultistageInterconnectionNetwork__GB4, genericMultistageInterconnectionNetwork__GB3, genericMultistageInterconnectionNetwork__GB2, genericMultistageInterconnectionNetwork__GB1, genericMultistageInterconnectionNetwork__GB0, 
fifo__parameterized3: genericMultistageInterconnectionNetwork__GB4, genericMultistageInterconnectionNetwork__GB3, genericMultistageInterconnectionNetwork__GB2, genericMultistageInterconnectionNetwork__GB1, 
datapath: genericMultistageInterconnectionNetwork__GB4, genericMultistageInterconnectionNetwork__GB3, genericMultistageInterconnectionNetwork__GB2, genericMultistageInterconnectionNetwork__GB0, 
case__6: genericMultistageInterconnectionNetwork__GB4, genericMultistageInterconnectionNetwork__GB3, genericMultistageInterconnectionNetwork__GB2, genericMultistageInterconnectionNetwork__GB1, genericMultistageInterconnectionNetwork__GB0, 
reg__21: genericMultistageInterconnectionNetwork__GB4, genericMultistageInterconnectionNetwork__GB3, genericMultistageInterconnectionNetwork__GB2, genericMultistageInterconnectionNetwork__GB1, 
logic__173: genericMultistageInterconnectionNetwork__GB4, genericMultistageInterconnectionNetwork__GB3, genericMultistageInterconnectionNetwork__GB2, genericMultistageInterconnectionNetwork__GB1, 
case__19: genericMultistageInterconnectionNetwork__GB4, genericMultistageInterconnectionNetwork__GB3, genericMultistageInterconnectionNetwork__GB2, genericMultistageInterconnectionNetwork__GB1, 
logic__12: genericMultistageInterconnectionNetwork__GB4, genericMultistageInterconnectionNetwork__GB3, genericMultistageInterconnectionNetwork__GB2, genericMultistageInterconnectionNetwork__GB0, 
logic__53: genericMultistageInterconnectionNetwork__GB4, genericMultistageInterconnectionNetwork__GB3, genericMultistageInterconnectionNetwork__GB2, genericMultistageInterconnectionNetwork__GB1, genericMultistageInterconnectionNetwork__GB0, 
logic__153: genericMultistageInterconnectionNetwork__GB4, genericMultistageInterconnectionNetwork__GB3, genericMultistageInterconnectionNetwork__GB2, genericMultistageInterconnectionNetwork__GB1, 
fork__parameterized1: genericMultistageInterconnectionNetwork__GB4, genericMultistageInterconnectionNetwork__GB3, genericMultistageInterconnectionNetwork__GB2, genericMultistageInterconnectionNetwork__GB1, genericMultistageInterconnectionNetwork__GB0, 
logic__162: genericMultistageInterconnectionNetwork__GB4, genericMultistageInterconnectionNetwork__GB3, genericMultistageInterconnectionNetwork__GB2, genericMultistageInterconnectionNetwork__GB1, 
logic__36: genericMultistageInterconnectionNetwork__GB4, genericMultistageInterconnectionNetwork__GB3, genericMultistageInterconnectionNetwork__GB2, genericMultistageInterconnectionNetwork__GB0, 
logic__157: genericMultistageInterconnectionNetwork__GB4, genericMultistageInterconnectionNetwork__GB3, genericMultistageInterconnectionNetwork__GB2, genericMultistageInterconnectionNetwork__GB1, 
logic__150: genericMultistageInterconnectionNetwork__GB4, genericMultistageInterconnectionNetwork__GB3, genericMultistageInterconnectionNetwork__GB2, genericMultistageInterconnectionNetwork__GB1, genericMultistageInterconnectionNetwork__GB0, 
logic__228: genericMultistageInterconnectionNetwork__GB4, genericMultistageInterconnectionNetwork__GB3, genericMultistageInterconnectionNetwork__GB2, genericMultistageInterconnectionNetwork__GB1, 
selector: genericMultistageInterconnectionNetwork__GB4, genericMultistageInterconnectionNetwork__GB3, genericMultistageInterconnectionNetwork__GB2, genericMultistageInterconnectionNetwork__GB0, 
case__29: genericMultistageInterconnectionNetwork__GB4, genericMultistageInterconnectionNetwork__GB3, genericMultistageInterconnectionNetwork__GB2, genericMultistageInterconnectionNetwork__GB1, 
case__25: genericMultistageInterconnectionNetwork__GB4, genericMultistageInterconnectionNetwork__GB3, genericMultistageInterconnectionNetwork__GB2, genericMultistageInterconnectionNetwork__GB1, 
logic__104: genericMultistageInterconnectionNetwork__GB4, genericMultistageInterconnectionNetwork__GB3, genericMultistageInterconnectionNetwork__GB2, genericMultistageInterconnectionNetwork__GB1, genericMultistageInterconnectionNetwork__GB0, 
logic__269: genericMultistageInterconnectionNetwork__GB4, genericMultistageInterconnectionNetwork__GB3, genericMultistageInterconnectionNetwork__GB2, genericMultistageInterconnectionNetwork__GB1, 
logic__134: genericMultistageInterconnectionNetwork__GB4, genericMultistageInterconnectionNetwork__GB3, genericMultistageInterconnectionNetwork__GB2, genericMultistageInterconnectionNetwork__GB1, genericMultistageInterconnectionNetwork__GB0, 
ram__2: genericMultistageInterconnectionNetwork__GB4, genericMultistageInterconnectionNetwork__GB3, genericMultistageInterconnectionNetwork__GB2, genericMultistageInterconnectionNetwork__GB1, genericMultistageInterconnectionNetwork__GB0, 
logic__130: genericMultistageInterconnectionNetwork__GB4, genericMultistageInterconnectionNetwork__GB3, genericMultistageInterconnectionNetwork__GB2, genericMultistageInterconnectionNetwork__GB1, genericMultistageInterconnectionNetwork__GB0, 
logic: genericMultistageInterconnectionNetwork__GB4, genericMultistageInterconnectionNetwork__GB3, genericMultistageInterconnectionNetwork__GB2, genericMultistageInterconnectionNetwork__GB0, 
logic__296: genericMultistageInterconnectionNetwork__GB4, genericMultistageInterconnectionNetwork__GB3, genericMultistageInterconnectionNetwork__GB2, genericMultistageInterconnectionNetwork__GB1, 
selector__parameterized4: genericMultistageInterconnectionNetwork__GB4, genericMultistageInterconnectionNetwork__GB3, genericMultistageInterconnectionNetwork__GB2, genericMultistageInterconnectionNetwork__GB1, 
logic__24: genericMultistageInterconnectionNetwork__GB4, genericMultistageInterconnectionNetwork__GB3, genericMultistageInterconnectionNetwork__GB2, genericMultistageInterconnectionNetwork__GB0, 
logic__263: genericMultistageInterconnectionNetwork__GB4, genericMultistageInterconnectionNetwork__GB3, genericMultistageInterconnectionNetwork__GB2, genericMultistageInterconnectionNetwork__GB1, 
datapath__3: genericMultistageInterconnectionNetwork__GB4, genericMultistageInterconnectionNetwork__GB3, genericMultistageInterconnectionNetwork__GB2, genericMultistageInterconnectionNetwork__GB1, genericMultistageInterconnectionNetwork__GB0, 
case__35: genericMultistageInterconnectionNetwork__GB4, genericMultistageInterconnectionNetwork__GB3, genericMultistageInterconnectionNetwork__GB2, genericMultistageInterconnectionNetwork__GB1, 
logic__260: genericMultistageInterconnectionNetwork__GB4, genericMultistageInterconnectionNetwork__GB3, genericMultistageInterconnectionNetwork__GB2, genericMultistageInterconnectionNetwork__GB1, 
fork__parameterized4: genericMultistageInterconnectionNetwork__GB4, genericMultistageInterconnectionNetwork__GB3, genericMultistageInterconnectionNetwork__GB2, genericMultistageInterconnectionNetwork__GB1, 
reg__17: genericMultistageInterconnectionNetwork__GB4, genericMultistageInterconnectionNetwork__GB3, genericMultistageInterconnectionNetwork__GB2, genericMultistageInterconnectionNetwork__GB1, 
logic__264: genericMultistageInterconnectionNetwork__GB4, genericMultistageInterconnectionNetwork__GB3, genericMultistageInterconnectionNetwork__GB2, genericMultistageInterconnectionNetwork__GB1, 
logic__270: genericMultistageInterconnectionNetwork__GB4, genericMultistageInterconnectionNetwork__GB3, genericMultistageInterconnectionNetwork__GB2, genericMultistageInterconnectionNetwork__GB1, 
logic__138: genericMultistageInterconnectionNetwork__GB4, genericMultistageInterconnectionNetwork__GB3, genericMultistageInterconnectionNetwork__GB2, genericMultistageInterconnectionNetwork__GB1, genericMultistageInterconnectionNetwork__GB0, 
logic__117: genericMultistageInterconnectionNetwork__GB4, genericMultistageInterconnectionNetwork__GB3, genericMultistageInterconnectionNetwork__GB2, genericMultistageInterconnectionNetwork__GB1, genericMultistageInterconnectionNetwork__GB0, 
logic__37: genericMultistageInterconnectionNetwork__GB4, genericMultistageInterconnectionNetwork__GB3, genericMultistageInterconnectionNetwork__GB2, genericMultistageInterconnectionNetwork__GB0, 
logic__15: genericMultistageInterconnectionNetwork__GB4, genericMultistageInterconnectionNetwork__GB3, genericMultistageInterconnectionNetwork__GB2, genericMultistageInterconnectionNetwork__GB0, 
logic__166: genericMultistageInterconnectionNetwork__GB4, genericMultistageInterconnectionNetwork__GB3, genericMultistageInterconnectionNetwork__GB2, genericMultistageInterconnectionNetwork__GB1, 
case__2: genericMultistageInterconnectionNetwork__GB4, genericMultistageInterconnectionNetwork__GB3, genericMultistageInterconnectionNetwork__GB2, genericMultistageInterconnectionNetwork__GB0, 
logic__227: genericMultistageInterconnectionNetwork__GB4, genericMultistageInterconnectionNetwork__GB3, genericMultistageInterconnectionNetwork__GB2, genericMultistageInterconnectionNetwork__GB1, 
reg__3: genericMultistageInterconnectionNetwork__GB4, genericMultistageInterconnectionNetwork__GB3, genericMultistageInterconnectionNetwork__GB2, genericMultistageInterconnectionNetwork__GB0, 
logic__259: genericMultistageInterconnectionNetwork__GB4, genericMultistageInterconnectionNetwork__GB3, genericMultistageInterconnectionNetwork__GB2, genericMultistageInterconnectionNetwork__GB1, 
selector__parameterized3: genericMultistageInterconnectionNetwork__GB4, genericMultistageInterconnectionNetwork__GB3, genericMultistageInterconnectionNetwork__GB2, genericMultistageInterconnectionNetwork__GB1, 
case__22: genericMultistageInterconnectionNetwork__GB4, genericMultistageInterconnectionNetwork__GB3, genericMultistageInterconnectionNetwork__GB2, genericMultistageInterconnectionNetwork__GB1, 
logic__172: genericMultistageInterconnectionNetwork__GB4, genericMultistageInterconnectionNetwork__GB3, genericMultistageInterconnectionNetwork__GB2, genericMultistageInterconnectionNetwork__GB1, 
logic__225: genericMultistageInterconnectionNetwork__GB4, genericMultistageInterconnectionNetwork__GB3, genericMultistageInterconnectionNetwork__GB2, genericMultistageInterconnectionNetwork__GB1, 
logic__231: genericMultistageInterconnectionNetwork__GB4, genericMultistageInterconnectionNetwork__GB3, genericMultistageInterconnectionNetwork__GB2, genericMultistageInterconnectionNetwork__GB1, 
logic__4: genericMultistageInterconnectionNetwork__GB4, genericMultistageInterconnectionNetwork__GB3, genericMultistageInterconnectionNetwork__GB2, genericMultistageInterconnectionNetwork__GB0, 
logic__213: genericMultistageInterconnectionNetwork__GB4, genericMultistageInterconnectionNetwork__GB3, genericMultistageInterconnectionNetwork__GB2, genericMultistageInterconnectionNetwork__GB1, 
logic__218: genericMultistageInterconnectionNetwork__GB4, genericMultistageInterconnectionNetwork__GB3, genericMultistageInterconnectionNetwork__GB2, genericMultistageInterconnectionNetwork__GB1, 
fifo__parameterized0: genericMultistageInterconnectionNetwork__GB4, genericMultistageInterconnectionNetwork__GB3, genericMultistageInterconnectionNetwork__GB2, genericMultistageInterconnectionNetwork__GB1, genericMultistageInterconnectionNetwork__GB0, 
reg__27: genericMultistageInterconnectionNetwork__GB4, genericMultistageInterconnectionNetwork__GB3, genericMultistageInterconnectionNetwork__GB2, genericMultistageInterconnectionNetwork__GB1, 
logic__278: genericMultistageInterconnectionNetwork__GB4, genericMultistageInterconnectionNetwork__GB3, genericMultistageInterconnectionNetwork__GB2, genericMultistageInterconnectionNetwork__GB1, 
logic__55: genericMultistageInterconnectionNetwork__GB4, genericMultistageInterconnectionNetwork__GB3, genericMultistageInterconnectionNetwork__GB2, genericMultistageInterconnectionNetwork__GB1, genericMultistageInterconnectionNetwork__GB0, 
logic__139: genericMultistageInterconnectionNetwork__GB4, genericMultistageInterconnectionNetwork__GB3, genericMultistageInterconnectionNetwork__GB2, genericMultistageInterconnectionNetwork__GB1, genericMultistageInterconnectionNetwork__GB0, 
case__30: genericMultistageInterconnectionNetwork__GB4, genericMultistageInterconnectionNetwork__GB3, genericMultistageInterconnectionNetwork__GB2, genericMultistageInterconnectionNetwork__GB1, 
fifo: genericMultistageInterconnectionNetwork__GB4, genericMultistageInterconnectionNetwork__GB3, genericMultistageInterconnectionNetwork__GB2, genericMultistageInterconnectionNetwork__GB0, 
logic__28: genericMultistageInterconnectionNetwork__GB4, genericMultistageInterconnectionNetwork__GB3, genericMultistageInterconnectionNetwork__GB2, genericMultistageInterconnectionNetwork__GB0, 
logic__116: genericMultistageInterconnectionNetwork__GB4, genericMultistageInterconnectionNetwork__GB3, genericMultistageInterconnectionNetwork__GB2, genericMultistageInterconnectionNetwork__GB1, genericMultistageInterconnectionNetwork__GB0, 
reg__9: genericMultistageInterconnectionNetwork__GB4, genericMultistageInterconnectionNetwork__GB3, genericMultistageInterconnectionNetwork__GB2, genericMultistageInterconnectionNetwork__GB1, genericMultistageInterconnectionNetwork__GB0, 
datapath__2: genericMultistageInterconnectionNetwork__GB4, genericMultistageInterconnectionNetwork__GB3, genericMultistageInterconnectionNetwork__GB2, genericMultistageInterconnectionNetwork__GB1, genericMultistageInterconnectionNetwork__GB0, 
extram__2: genericMultistageInterconnectionNetwork__GB4, genericMultistageInterconnectionNetwork__GB3, genericMultistageInterconnectionNetwork__GB2, genericMultistageInterconnectionNetwork__GB1, genericMultistageInterconnectionNetwork__GB0, 
ram: genericMultistageInterconnectionNetwork__GB4, genericMultistageInterconnectionNetwork__GB3, genericMultistageInterconnectionNetwork__GB2, genericMultistageInterconnectionNetwork__GB0, 
reg__19: genericMultistageInterconnectionNetwork__GB4, genericMultistageInterconnectionNetwork__GB3, genericMultistageInterconnectionNetwork__GB2, genericMultistageInterconnectionNetwork__GB1, 
logic__206: genericMultistageInterconnectionNetwork__GB4, genericMultistageInterconnectionNetwork__GB3, genericMultistageInterconnectionNetwork__GB2, genericMultistageInterconnectionNetwork__GB1, 
case__34: genericMultistageInterconnectionNetwork__GB4, genericMultistageInterconnectionNetwork__GB3, genericMultistageInterconnectionNetwork__GB2, genericMultistageInterconnectionNetwork__GB1, 
extram: genericMultistageInterconnectionNetwork__GB4, genericMultistageInterconnectionNetwork__GB3, genericMultistageInterconnectionNetwork__GB2, genericMultistageInterconnectionNetwork__GB0, 
logic__161: genericMultistageInterconnectionNetwork__GB4, genericMultistageInterconnectionNetwork__GB3, genericMultistageInterconnectionNetwork__GB2, genericMultistageInterconnectionNetwork__GB1, 
reg__1: genericMultistageInterconnectionNetwork__GB4, genericMultistageInterconnectionNetwork__GB3, genericMultistageInterconnectionNetwork__GB2, genericMultistageInterconnectionNetwork__GB0, 
selector__parameterized2: genericMultistageInterconnectionNetwork__GB4, genericMultistageInterconnectionNetwork__GB3, genericMultistageInterconnectionNetwork__GB2, genericMultistageInterconnectionNetwork__GB1, 
genericMultistageInterconnectionNetwork__GB0: genericMultistageInterconnectionNetwork__GB0, 
logic__3: genericMultistageInterconnectionNetwork__GB4, genericMultistageInterconnectionNetwork__GB3, genericMultistageInterconnectionNetwork__GB2, genericMultistageInterconnectionNetwork__GB0, 
ram__5: genericMultistageInterconnectionNetwork__GB4, genericMultistageInterconnectionNetwork__GB3, genericMultistageInterconnectionNetwork__GB2, genericMultistageInterconnectionNetwork__GB1, 
logic__106: genericMultistageInterconnectionNetwork__GB4, genericMultistageInterconnectionNetwork__GB3, genericMultistageInterconnectionNetwork__GB2, genericMultistageInterconnectionNetwork__GB1, genericMultistageInterconnectionNetwork__GB0, 
switch__parameterized2: genericMultistageInterconnectionNetwork__GB4, genericMultistageInterconnectionNetwork__GB3, genericMultistageInterconnectionNetwork__GB2, genericMultistageInterconnectionNetwork__GB1, 
datapath__5: genericMultistageInterconnectionNetwork__GB4, genericMultistageInterconnectionNetwork__GB3, genericMultistageInterconnectionNetwork__GB2, genericMultistageInterconnectionNetwork__GB1, genericMultistageInterconnectionNetwork__GB0, 
logic__96: genericMultistageInterconnectionNetwork__GB4, genericMultistageInterconnectionNetwork__GB3, genericMultistageInterconnectionNetwork__GB2, genericMultistageInterconnectionNetwork__GB1, genericMultistageInterconnectionNetwork__GB0, 
case__11: genericMultistageInterconnectionNetwork__GB4, genericMultistageInterconnectionNetwork__GB3, genericMultistageInterconnectionNetwork__GB2, genericMultistageInterconnectionNetwork__GB1, genericMultistageInterconnectionNetwork__GB0, 
datapath__4: genericMultistageInterconnectionNetwork__GB4, genericMultistageInterconnectionNetwork__GB3, genericMultistageInterconnectionNetwork__GB2, genericMultistageInterconnectionNetwork__GB1, genericMultistageInterconnectionNetwork__GB0, 
reg__10: genericMultistageInterconnectionNetwork__GB4, genericMultistageInterconnectionNetwork__GB3, genericMultistageInterconnectionNetwork__GB2, genericMultistageInterconnectionNetwork__GB1, genericMultistageInterconnectionNetwork__GB0, 
logic__147: genericMultistageInterconnectionNetwork__GB4, genericMultistageInterconnectionNetwork__GB3, genericMultistageInterconnectionNetwork__GB2, genericMultistageInterconnectionNetwork__GB1, genericMultistageInterconnectionNetwork__GB0, 
reg__24: genericMultistageInterconnectionNetwork__GB4, genericMultistageInterconnectionNetwork__GB3, genericMultistageInterconnectionNetwork__GB2, genericMultistageInterconnectionNetwork__GB1, 
logic__205: genericMultistageInterconnectionNetwork__GB4, genericMultistageInterconnectionNetwork__GB3, genericMultistageInterconnectionNetwork__GB2, genericMultistageInterconnectionNetwork__GB1, 
reg__4: genericMultistageInterconnectionNetwork__GB4, genericMultistageInterconnectionNetwork__GB3, genericMultistageInterconnectionNetwork__GB2, genericMultistageInterconnectionNetwork__GB0, 
logic__74: genericMultistageInterconnectionNetwork__GB4, genericMultistageInterconnectionNetwork__GB3, genericMultistageInterconnectionNetwork__GB2, genericMultistageInterconnectionNetwork__GB1, genericMultistageInterconnectionNetwork__GB0, 
case__7: genericMultistageInterconnectionNetwork__GB4, genericMultistageInterconnectionNetwork__GB3, genericMultistageInterconnectionNetwork__GB2, genericMultistageInterconnectionNetwork__GB1, genericMultistageInterconnectionNetwork__GB0, 
logic__236: genericMultistageInterconnectionNetwork__GB4, genericMultistageInterconnectionNetwork__GB3, genericMultistageInterconnectionNetwork__GB2, genericMultistageInterconnectionNetwork__GB1, 
logic__105: genericMultistageInterconnectionNetwork__GB4, genericMultistageInterconnectionNetwork__GB3, genericMultistageInterconnectionNetwork__GB2, genericMultistageInterconnectionNetwork__GB1, genericMultistageInterconnectionNetwork__GB0, 
logic__245: genericMultistageInterconnectionNetwork__GB4, genericMultistageInterconnectionNetwork__GB3, genericMultistageInterconnectionNetwork__GB2, genericMultistageInterconnectionNetwork__GB1, 
datapath__8: genericMultistageInterconnectionNetwork__GB4, genericMultistageInterconnectionNetwork__GB3, genericMultistageInterconnectionNetwork__GB2, genericMultistageInterconnectionNetwork__GB1, 
logic__48: genericMultistageInterconnectionNetwork__GB4, genericMultistageInterconnectionNetwork__GB3, genericMultistageInterconnectionNetwork__GB2, genericMultistageInterconnectionNetwork__GB0, 
logic__21: genericMultistageInterconnectionNetwork__GB4, genericMultistageInterconnectionNetwork__GB3, genericMultistageInterconnectionNetwork__GB2, genericMultistageInterconnectionNetwork__GB0, 
case__3: genericMultistageInterconnectionNetwork__GB4, genericMultistageInterconnectionNetwork__GB3, genericMultistageInterconnectionNetwork__GB2, genericMultistageInterconnectionNetwork__GB0, 
logic__274: genericMultistageInterconnectionNetwork__GB4, genericMultistageInterconnectionNetwork__GB3, genericMultistageInterconnectionNetwork__GB2, genericMultistageInterconnectionNetwork__GB1, 
reg__15: genericMultistageInterconnectionNetwork__GB4, genericMultistageInterconnectionNetwork__GB3, genericMultistageInterconnectionNetwork__GB2, genericMultistageInterconnectionNetwork__GB1, 
case__32: genericMultistageInterconnectionNetwork__GB4, genericMultistageInterconnectionNetwork__GB3, genericMultistageInterconnectionNetwork__GB2, genericMultistageInterconnectionNetwork__GB1, 
switch__parameterized4: genericMultistageInterconnectionNetwork__GB4, genericMultistageInterconnectionNetwork__GB3, genericMultistageInterconnectionNetwork__GB2, genericMultistageInterconnectionNetwork__GB1, 
logic__5: genericMultistageInterconnectionNetwork__GB4, genericMultistageInterconnectionNetwork__GB3, genericMultistageInterconnectionNetwork__GB2, genericMultistageInterconnectionNetwork__GB0, 
logic__198: genericMultistageInterconnectionNetwork__GB4, genericMultistageInterconnectionNetwork__GB3, genericMultistageInterconnectionNetwork__GB2, genericMultistageInterconnectionNetwork__GB1, 
logic__185: genericMultistageInterconnectionNetwork__GB4, genericMultistageInterconnectionNetwork__GB3, genericMultistageInterconnectionNetwork__GB2, genericMultistageInterconnectionNetwork__GB1, 
datapath__10: genericMultistageInterconnectionNetwork__GB4, genericMultistageInterconnectionNetwork__GB3, genericMultistageInterconnectionNetwork__GB2, genericMultistageInterconnectionNetwork__GB1, 
logic__123: genericMultistageInterconnectionNetwork__GB4, genericMultistageInterconnectionNetwork__GB3, genericMultistageInterconnectionNetwork__GB2, genericMultistageInterconnectionNetwork__GB1, genericMultistageInterconnectionNetwork__GB0, 
logic__78: genericMultistageInterconnectionNetwork__GB4, genericMultistageInterconnectionNetwork__GB3, genericMultistageInterconnectionNetwork__GB2, genericMultistageInterconnectionNetwork__GB1, genericMultistageInterconnectionNetwork__GB0, 
logic__66: genericMultistageInterconnectionNetwork__GB4, genericMultistageInterconnectionNetwork__GB3, genericMultistageInterconnectionNetwork__GB2, genericMultistageInterconnectionNetwork__GB1, genericMultistageInterconnectionNetwork__GB0, 
logic__83: genericMultistageInterconnectionNetwork__GB4, genericMultistageInterconnectionNetwork__GB3, genericMultistageInterconnectionNetwork__GB2, genericMultistageInterconnectionNetwork__GB1, genericMultistageInterconnectionNetwork__GB0, 
extram__4: genericMultistageInterconnectionNetwork__GB4, genericMultistageInterconnectionNetwork__GB3, genericMultistageInterconnectionNetwork__GB2, genericMultistageInterconnectionNetwork__GB1, 
logic__189: genericMultistageInterconnectionNetwork__GB4, genericMultistageInterconnectionNetwork__GB3, genericMultistageInterconnectionNetwork__GB2, genericMultistageInterconnectionNetwork__GB1, 
logic__115: genericMultistageInterconnectionNetwork__GB4, genericMultistageInterconnectionNetwork__GB3, genericMultistageInterconnectionNetwork__GB2, genericMultistageInterconnectionNetwork__GB1, genericMultistageInterconnectionNetwork__GB0, 
logic__219: genericMultistageInterconnectionNetwork__GB4, genericMultistageInterconnectionNetwork__GB3, genericMultistageInterconnectionNetwork__GB2, genericMultistageInterconnectionNetwork__GB1, 
fork__parameterized3: genericMultistageInterconnectionNetwork__GB4, genericMultistageInterconnectionNetwork__GB3, genericMultistageInterconnectionNetwork__GB2, genericMultistageInterconnectionNetwork__GB1, 
case__26: genericMultistageInterconnectionNetwork__GB4, genericMultistageInterconnectionNetwork__GB3, genericMultistageInterconnectionNetwork__GB2, genericMultistageInterconnectionNetwork__GB1, 
logic__13: genericMultistageInterconnectionNetwork__GB4, genericMultistageInterconnectionNetwork__GB3, genericMultistageInterconnectionNetwork__GB2, genericMultistageInterconnectionNetwork__GB0, 
logic__256: genericMultistageInterconnectionNetwork__GB4, genericMultistageInterconnectionNetwork__GB3, genericMultistageInterconnectionNetwork__GB2, genericMultistageInterconnectionNetwork__GB1, 
logic__73: genericMultistageInterconnectionNetwork__GB4, genericMultistageInterconnectionNetwork__GB3, genericMultistageInterconnectionNetwork__GB2, genericMultistageInterconnectionNetwork__GB1, genericMultistageInterconnectionNetwork__GB0, 
case__33: genericMultistageInterconnectionNetwork__GB4, genericMultistageInterconnectionNetwork__GB3, genericMultistageInterconnectionNetwork__GB2, genericMultistageInterconnectionNetwork__GB1, 
logic__8: genericMultistageInterconnectionNetwork__GB4, genericMultistageInterconnectionNetwork__GB3, genericMultistageInterconnectionNetwork__GB2, genericMultistageInterconnectionNetwork__GB0, 
case__5: genericMultistageInterconnectionNetwork__GB4, genericMultistageInterconnectionNetwork__GB3, genericMultistageInterconnectionNetwork__GB2, genericMultistageInterconnectionNetwork__GB0, 
logic__92: genericMultistageInterconnectionNetwork__GB4, genericMultistageInterconnectionNetwork__GB3, genericMultistageInterconnectionNetwork__GB2, genericMultistageInterconnectionNetwork__GB1, genericMultistageInterconnectionNetwork__GB0, 
logic__114: genericMultistageInterconnectionNetwork__GB4, genericMultistageInterconnectionNetwork__GB3, genericMultistageInterconnectionNetwork__GB2, genericMultistageInterconnectionNetwork__GB1, genericMultistageInterconnectionNetwork__GB0, 
logic__126: genericMultistageInterconnectionNetwork__GB4, genericMultistageInterconnectionNetwork__GB3, genericMultistageInterconnectionNetwork__GB2, genericMultistageInterconnectionNetwork__GB1, genericMultistageInterconnectionNetwork__GB0, 
logic__60: genericMultistageInterconnectionNetwork__GB4, genericMultistageInterconnectionNetwork__GB3, genericMultistageInterconnectionNetwork__GB2, genericMultistageInterconnectionNetwork__GB1, genericMultistageInterconnectionNetwork__GB0, 
reg__7: genericMultistageInterconnectionNetwork__GB4, genericMultistageInterconnectionNetwork__GB3, genericMultistageInterconnectionNetwork__GB2, genericMultistageInterconnectionNetwork__GB1, genericMultistageInterconnectionNetwork__GB0, 
logic__241: genericMultistageInterconnectionNetwork__GB4, genericMultistageInterconnectionNetwork__GB3, genericMultistageInterconnectionNetwork__GB2, genericMultistageInterconnectionNetwork__GB1, 
case__20: genericMultistageInterconnectionNetwork__GB4, genericMultistageInterconnectionNetwork__GB3, genericMultistageInterconnectionNetwork__GB2, genericMultistageInterconnectionNetwork__GB1, 
case__21: genericMultistageInterconnectionNetwork__GB4, genericMultistageInterconnectionNetwork__GB3, genericMultistageInterconnectionNetwork__GB2, genericMultistageInterconnectionNetwork__GB1, 
logic__291: genericMultistageInterconnectionNetwork__GB4, genericMultistageInterconnectionNetwork__GB3, genericMultistageInterconnectionNetwork__GB2, genericMultistageInterconnectionNetwork__GB1, 
case__16: genericMultistageInterconnectionNetwork__GB4, genericMultistageInterconnectionNetwork__GB3, genericMultistageInterconnectionNetwork__GB2, genericMultistageInterconnectionNetwork__GB1, genericMultistageInterconnectionNetwork__GB0, 
logic__201: genericMultistageInterconnectionNetwork__GB4, genericMultistageInterconnectionNetwork__GB3, genericMultistageInterconnectionNetwork__GB2, genericMultistageInterconnectionNetwork__GB1, 
logic__276: genericMultistageInterconnectionNetwork__GB4, genericMultistageInterconnectionNetwork__GB3, genericMultistageInterconnectionNetwork__GB2, genericMultistageInterconnectionNetwork__GB1, 
logic__283: genericMultistageInterconnectionNetwork__GB4, genericMultistageInterconnectionNetwork__GB3, genericMultistageInterconnectionNetwork__GB2, genericMultistageInterconnectionNetwork__GB1, 
logic__72: genericMultistageInterconnectionNetwork__GB4, genericMultistageInterconnectionNetwork__GB3, genericMultistageInterconnectionNetwork__GB2, genericMultistageInterconnectionNetwork__GB1, genericMultistageInterconnectionNetwork__GB0, 
logic__111: genericMultistageInterconnectionNetwork__GB4, genericMultistageInterconnectionNetwork__GB3, genericMultistageInterconnectionNetwork__GB2, genericMultistageInterconnectionNetwork__GB1, genericMultistageInterconnectionNetwork__GB0, 
logic__45: genericMultistageInterconnectionNetwork__GB4, genericMultistageInterconnectionNetwork__GB3, genericMultistageInterconnectionNetwork__GB2, genericMultistageInterconnectionNetwork__GB0, 
logic__240: genericMultistageInterconnectionNetwork__GB4, genericMultistageInterconnectionNetwork__GB3, genericMultistageInterconnectionNetwork__GB2, genericMultistageInterconnectionNetwork__GB1, 
ram__3: genericMultistageInterconnectionNetwork__GB4, genericMultistageInterconnectionNetwork__GB3, genericMultistageInterconnectionNetwork__GB2, genericMultistageInterconnectionNetwork__GB1, 
logic__59: genericMultistageInterconnectionNetwork__GB4, genericMultistageInterconnectionNetwork__GB3, genericMultistageInterconnectionNetwork__GB2, genericMultistageInterconnectionNetwork__GB1, genericMultistageInterconnectionNetwork__GB0, 
case__4: genericMultistageInterconnectionNetwork__GB4, genericMultistageInterconnectionNetwork__GB3, genericMultistageInterconnectionNetwork__GB2, genericMultistageInterconnectionNetwork__GB0, 
logic__216: genericMultistageInterconnectionNetwork__GB4, genericMultistageInterconnectionNetwork__GB3, genericMultistageInterconnectionNetwork__GB2, genericMultistageInterconnectionNetwork__GB1, 
logic__176: genericMultistageInterconnectionNetwork__GB4, genericMultistageInterconnectionNetwork__GB3, genericMultistageInterconnectionNetwork__GB2, genericMultistageInterconnectionNetwork__GB1, 
logic__252: genericMultistageInterconnectionNetwork__GB4, genericMultistageInterconnectionNetwork__GB3, genericMultistageInterconnectionNetwork__GB2, genericMultistageInterconnectionNetwork__GB1, 
logic__1: genericMultistageInterconnectionNetwork__GB4, genericMultistageInterconnectionNetwork__GB3, genericMultistageInterconnectionNetwork__GB2, genericMultistageInterconnectionNetwork__GB0, 
logic__165: genericMultistageInterconnectionNetwork__GB4, genericMultistageInterconnectionNetwork__GB3, genericMultistageInterconnectionNetwork__GB2, genericMultistageInterconnectionNetwork__GB1, 
fork: genericMultistageInterconnectionNetwork__GB4, genericMultistageInterconnectionNetwork__GB3, genericMultistageInterconnectionNetwork__GB2, genericMultistageInterconnectionNetwork__GB0, 
logic__232: genericMultistageInterconnectionNetwork__GB4, genericMultistageInterconnectionNetwork__GB3, genericMultistageInterconnectionNetwork__GB2, genericMultistageInterconnectionNetwork__GB1, 
reg__28: genericMultistageInterconnectionNetwork__GB4, genericMultistageInterconnectionNetwork__GB3, genericMultistageInterconnectionNetwork__GB2, genericMultistageInterconnectionNetwork__GB1, 
logic__175: genericMultistageInterconnectionNetwork__GB4, genericMultistageInterconnectionNetwork__GB3, genericMultistageInterconnectionNetwork__GB2, genericMultistageInterconnectionNetwork__GB1, 
case__9: genericMultistageInterconnectionNetwork__GB4, genericMultistageInterconnectionNetwork__GB3, genericMultistageInterconnectionNetwork__GB2, genericMultistageInterconnectionNetwork__GB1, genericMultistageInterconnectionNetwork__GB0, 
logic__110: genericMultistageInterconnectionNetwork__GB4, genericMultistageInterconnectionNetwork__GB3, genericMultistageInterconnectionNetwork__GB2, genericMultistageInterconnectionNetwork__GB1, genericMultistageInterconnectionNetwork__GB0, 
logic__56: genericMultistageInterconnectionNetwork__GB4, genericMultistageInterconnectionNetwork__GB3, genericMultistageInterconnectionNetwork__GB2, genericMultistageInterconnectionNetwork__GB1, genericMultistageInterconnectionNetwork__GB0, 
logic__27: genericMultistageInterconnectionNetwork__GB4, genericMultistageInterconnectionNetwork__GB3, genericMultistageInterconnectionNetwork__GB2, genericMultistageInterconnectionNetwork__GB0, 
logic__277: genericMultistageInterconnectionNetwork__GB4, genericMultistageInterconnectionNetwork__GB3, genericMultistageInterconnectionNetwork__GB2, genericMultistageInterconnectionNetwork__GB1, 
genericMultistageInterconnectionNetwork__GB3: genericMultistageInterconnectionNetwork__GB3, 
fifo__parameterized2: genericMultistageInterconnectionNetwork__GB4, genericMultistageInterconnectionNetwork__GB3, genericMultistageInterconnectionNetwork__GB2, genericMultistageInterconnectionNetwork__GB1, 
logic__292: genericMultistageInterconnectionNetwork__GB4, genericMultistageInterconnectionNetwork__GB3, genericMultistageInterconnectionNetwork__GB2, genericMultistageInterconnectionNetwork__GB1, 
case__24: genericMultistageInterconnectionNetwork__GB4, genericMultistageInterconnectionNetwork__GB3, genericMultistageInterconnectionNetwork__GB2, genericMultistageInterconnectionNetwork__GB1, 
ram__1: genericMultistageInterconnectionNetwork__GB4, genericMultistageInterconnectionNetwork__GB3, genericMultistageInterconnectionNetwork__GB2, genericMultistageInterconnectionNetwork__GB1, genericMultistageInterconnectionNetwork__GB0, 
reg__22: genericMultistageInterconnectionNetwork__GB4, genericMultistageInterconnectionNetwork__GB3, genericMultistageInterconnectionNetwork__GB2, genericMultistageInterconnectionNetwork__GB1, 
logic__226: genericMultistageInterconnectionNetwork__GB4, genericMultistageInterconnectionNetwork__GB3, genericMultistageInterconnectionNetwork__GB2, genericMultistageInterconnectionNetwork__GB1, 
logic__204: genericMultistageInterconnectionNetwork__GB4, genericMultistageInterconnectionNetwork__GB3, genericMultistageInterconnectionNetwork__GB2, genericMultistageInterconnectionNetwork__GB1, 
datapath__6: genericMultistageInterconnectionNetwork__GB4, genericMultistageInterconnectionNetwork__GB3, genericMultistageInterconnectionNetwork__GB2, genericMultistageInterconnectionNetwork__GB1, 
logic__9: genericMultistageInterconnectionNetwork__GB4, genericMultistageInterconnectionNetwork__GB3, genericMultistageInterconnectionNetwork__GB2, genericMultistageInterconnectionNetwork__GB0, 
reg__5: genericMultistageInterconnectionNetwork__GB4, genericMultistageInterconnectionNetwork__GB3, genericMultistageInterconnectionNetwork__GB2, genericMultistageInterconnectionNetwork__GB1, genericMultistageInterconnectionNetwork__GB0, 
fifo__parameterized1: genericMultistageInterconnectionNetwork__GB4, genericMultistageInterconnectionNetwork__GB3, genericMultistageInterconnectionNetwork__GB2, genericMultistageInterconnectionNetwork__GB1, genericMultistageInterconnectionNetwork__GB0, 
case__27: genericMultistageInterconnectionNetwork__GB4, genericMultistageInterconnectionNetwork__GB3, genericMultistageInterconnectionNetwork__GB2, genericMultistageInterconnectionNetwork__GB1, 
logic__282: genericMultistageInterconnectionNetwork__GB4, genericMultistageInterconnectionNetwork__GB3, genericMultistageInterconnectionNetwork__GB2, genericMultistageInterconnectionNetwork__GB1, 
logic__181: genericMultistageInterconnectionNetwork__GB4, genericMultistageInterconnectionNetwork__GB3, genericMultistageInterconnectionNetwork__GB2, genericMultistageInterconnectionNetwork__GB1, 
reg__26: genericMultistageInterconnectionNetwork__GB4, genericMultistageInterconnectionNetwork__GB3, genericMultistageInterconnectionNetwork__GB2, genericMultistageInterconnectionNetwork__GB1, 
logic__103: genericMultistageInterconnectionNetwork__GB4, genericMultistageInterconnectionNetwork__GB3, genericMultistageInterconnectionNetwork__GB2, genericMultistageInterconnectionNetwork__GB1, genericMultistageInterconnectionNetwork__GB0, 
switch__parameterized0: genericMultistageInterconnectionNetwork__GB4, genericMultistageInterconnectionNetwork__GB3, genericMultistageInterconnectionNetwork__GB2, genericMultistageInterconnectionNetwork__GB1, genericMultistageInterconnectionNetwork__GB0, 
logic__20: genericMultistageInterconnectionNetwork__GB4, genericMultistageInterconnectionNetwork__GB3, genericMultistageInterconnectionNetwork__GB2, genericMultistageInterconnectionNetwork__GB0, 
logic__64: genericMultistageInterconnectionNetwork__GB4, genericMultistageInterconnectionNetwork__GB3, genericMultistageInterconnectionNetwork__GB2, genericMultistageInterconnectionNetwork__GB1, genericMultistageInterconnectionNetwork__GB0, 
datapath__9: genericMultistageInterconnectionNetwork__GB4, genericMultistageInterconnectionNetwork__GB3, genericMultistageInterconnectionNetwork__GB2, genericMultistageInterconnectionNetwork__GB1, 
logic__177: genericMultistageInterconnectionNetwork__GB4, genericMultistageInterconnectionNetwork__GB3, genericMultistageInterconnectionNetwork__GB2, genericMultistageInterconnectionNetwork__GB1, 
logic__54: genericMultistageInterconnectionNetwork__GB4, genericMultistageInterconnectionNetwork__GB3, genericMultistageInterconnectionNetwork__GB2, genericMultistageInterconnectionNetwork__GB1, genericMultistageInterconnectionNetwork__GB0, 
datapath__1: genericMultistageInterconnectionNetwork__GB4, genericMultistageInterconnectionNetwork__GB3, genericMultistageInterconnectionNetwork__GB2, genericMultistageInterconnectionNetwork__GB0, 
case__1: genericMultistageInterconnectionNetwork__GB4, genericMultistageInterconnectionNetwork__GB3, genericMultistageInterconnectionNetwork__GB2, genericMultistageInterconnectionNetwork__GB0, 
logic__168: genericMultistageInterconnectionNetwork__GB4, genericMultistageInterconnectionNetwork__GB3, genericMultistageInterconnectionNetwork__GB2, genericMultistageInterconnectionNetwork__GB1, 
case__31: genericMultistageInterconnectionNetwork__GB4, genericMultistageInterconnectionNetwork__GB3, genericMultistageInterconnectionNetwork__GB2, genericMultistageInterconnectionNetwork__GB1, 
logic__208: genericMultistageInterconnectionNetwork__GB4, genericMultistageInterconnectionNetwork__GB3, genericMultistageInterconnectionNetwork__GB2, genericMultistageInterconnectionNetwork__GB1, 
reg__14: genericMultistageInterconnectionNetwork__GB4, genericMultistageInterconnectionNetwork__GB3, genericMultistageInterconnectionNetwork__GB2, genericMultistageInterconnectionNetwork__GB1, genericMultistageInterconnectionNetwork__GB0, 
logic__32: genericMultistageInterconnectionNetwork__GB4, genericMultistageInterconnectionNetwork__GB3, genericMultistageInterconnectionNetwork__GB2, genericMultistageInterconnectionNetwork__GB0, 
logic__268: genericMultistageInterconnectionNetwork__GB4, genericMultistageInterconnectionNetwork__GB3, genericMultistageInterconnectionNetwork__GB2, genericMultistageInterconnectionNetwork__GB1, 
logic__267: genericMultistageInterconnectionNetwork__GB4, genericMultistageInterconnectionNetwork__GB3, genericMultistageInterconnectionNetwork__GB2, genericMultistageInterconnectionNetwork__GB1, 
logic__75: genericMultistageInterconnectionNetwork__GB4, genericMultistageInterconnectionNetwork__GB3, genericMultistageInterconnectionNetwork__GB2, genericMultistageInterconnectionNetwork__GB1, genericMultistageInterconnectionNetwork__GB0, 
reg__6: genericMultistageInterconnectionNetwork__GB4, genericMultistageInterconnectionNetwork__GB3, genericMultistageInterconnectionNetwork__GB2, genericMultistageInterconnectionNetwork__GB1, genericMultistageInterconnectionNetwork__GB0, 
genericMultistageInterconnectionNetwork__GB4: genericMultistageInterconnectionNetwork__GB4, 
logic__249: genericMultistageInterconnectionNetwork__GB4, genericMultistageInterconnectionNetwork__GB3, genericMultistageInterconnectionNetwork__GB2, genericMultistageInterconnectionNetwork__GB1, 
logic__63: genericMultistageInterconnectionNetwork__GB4, genericMultistageInterconnectionNetwork__GB3, genericMultistageInterconnectionNetwork__GB2, genericMultistageInterconnectionNetwork__GB1, genericMultistageInterconnectionNetwork__GB0, 
logic__194: genericMultistageInterconnectionNetwork__GB4, genericMultistageInterconnectionNetwork__GB3, genericMultistageInterconnectionNetwork__GB2, genericMultistageInterconnectionNetwork__GB1, 
selector__parameterized0: genericMultistageInterconnectionNetwork__GB4, genericMultistageInterconnectionNetwork__GB3, genericMultistageInterconnectionNetwork__GB2, genericMultistageInterconnectionNetwork__GB1, genericMultistageInterconnectionNetwork__GB0, 
logic__167: genericMultistageInterconnectionNetwork__GB4, genericMultistageInterconnectionNetwork__GB3, genericMultistageInterconnectionNetwork__GB2, genericMultistageInterconnectionNetwork__GB1, 
logic__70: genericMultistageInterconnectionNetwork__GB4, genericMultistageInterconnectionNetwork__GB3, genericMultistageInterconnectionNetwork__GB2, genericMultistageInterconnectionNetwork__GB1, genericMultistageInterconnectionNetwork__GB0, 
logic__88: genericMultistageInterconnectionNetwork__GB4, genericMultistageInterconnectionNetwork__GB3, genericMultistageInterconnectionNetwork__GB2, genericMultistageInterconnectionNetwork__GB1, genericMultistageInterconnectionNetwork__GB0, 
reg__18: genericMultistageInterconnectionNetwork__GB4, genericMultistageInterconnectionNetwork__GB3, genericMultistageInterconnectionNetwork__GB2, genericMultistageInterconnectionNetwork__GB1, 
logic__209: genericMultistageInterconnectionNetwork__GB4, genericMultistageInterconnectionNetwork__GB3, genericMultistageInterconnectionNetwork__GB2, genericMultistageInterconnectionNetwork__GB1, 
case__15: genericMultistageInterconnectionNetwork__GB4, genericMultistageInterconnectionNetwork__GB3, genericMultistageInterconnectionNetwork__GB2, genericMultistageInterconnectionNetwork__GB1, genericMultistageInterconnectionNetwork__GB0, 
reg__13: genericMultistageInterconnectionNetwork__GB4, genericMultistageInterconnectionNetwork__GB3, genericMultistageInterconnectionNetwork__GB2, genericMultistageInterconnectionNetwork__GB1, genericMultistageInterconnectionNetwork__GB0, 
