logic__121: 
logic__22: 
logic__130: 
logic__14: 
logic__105: 
switch__parameterized0: 
logic__129: 
logic__70: 
reg__10: 
logic__27: 
datapath__2: 
logic__150: 
fifo__parameterized1: 
logic__32: 
switch: 
switch__parameterized1: 
logic__78: 
logic__60: 
logic__21: 
reg__1: 
logic__71: 
logic__37: 
logic__92: 
selector: 
logic__139: 
logic__117: 
logic__9: 
logic__114: 
datapath__5: 
logic__96: 
logic__51: 
fifo: 
logic__116: 
case__1: 
case__6: 
logic__56: 
case__16: 
logic__1: 
logic__107: 
reg__13: 
case__4: 
reg__7: 
case__2: 
datapath__3: 
logic__53: 
case__12: 
case__11: 
fork__parameterized1: 
logic__99: 
logic__41: 
case: 
datapath__4: 
logic__122: 
selector__parameterized0: 
case__8: 
logic__24: 
logic__4: 
logic__48: 
genericMultistageInterconnectionNetwork: 
extram__2: 
datapath: 
selector__parameterized1: 
reg__11: 
logic__88: 
logic__5: 
logic__79: 
logic__19: 
reg__6: 
logic__20: 
reg__8: 
logic__8: 
case__15: 
logic__63: 
extram__1: 
logic__45: 
logic: 
logic__115: 
case__13: 
logic__75: 
logic__66: 
logic__103: 
datapath__1: 
logic__147: 
logic__59: 
logic__83: 
logic__106: 
logic__2: 
logic__110: 
logic__73: 
logic__138: 
case__14: 
logic__123: 
logic__52: 
logic__74: 
logic__15: 
logic__124: 
logic__23: 
logic__28: 
logic__3: 
case__10: 
logic__72: 
logic__13: 
case__7: 
logic__12: 
reg: 
case__17: 
reg__3: 
fork__parameterized0: 
logic__143: 
logic__87: 
reg__5: 
logic__111: 
reg__14: 
reg__9: 
reg__2: 
case__3: 
logic__134: 
case__5: 
fifo__parameterized0: 
logic__55: 
logic__126: 
case__9: 
logic__64: 
logic__36: 
fork: 
reg__12: 
logic__125: 
logic__65: 
extram: 
logic__54: 
reg__4: 
